[    1933ms] [ERROR] %c The /connect/ping endpoint is deprecated. Please update to the current Facebook JavaScript SDK. https://developers.facebook.com/docs/reference/javascript/ font-size: 18px; @ https://www.facebook.com/connect/ping?client_id=103295416394750&domain=app.trainingpeaks.com&origin=1&redirect_uri=https%3A%2F%2Fstaticxx.facebook.com%2Fconnect%2Fxd_arbiter%2Fr%2Fbz-D0tzmBsw.js%3Fversion%3D42%23cb%3Df198ec30083c51%26domain%3Dapp.trainingpeaks.com%26origin%3Dhttps%253A%252F%252Fapp.trainingpeaks.com%252Ff388e49daba260e%26relation%3Dparent&response_type=token%2Csigned_request%2Ccode&sdk=joey:0
[    1954ms] [ERROR] Refused to display 'https://staticxx.facebook.com/connect/xd_arbiter/r/bz-D0tzmBsw.js?version=42#channel=f388e49daba260e&origin=https%3A%2F%2Fapp.trainingpeaks.com' in a frame because it set 'X-Frame-Options' to 'DENY'. @ :0
[    1955ms] [ERROR] Failed to load resource: the server responded with a status of 404 (Not Found) @ https://staticxx.facebook.com/connect/xd_arbiter/r/bz-D0tzmBsw.js?version=42#channel=f388e49daba260e&origin=https%3A%2F%2Fapp.trainingpeaks.com:0
[    2161ms] [ERROR] Failed to load resource: the server responded with a status of 401 () @ https://tpapi.trainingpeaks.com/users/v3/token:0
[    2167ms] Unhandled Promise Rejection: [object Object]

[    2167ms] Unhandled Promise Rejection: [object Object]
    at dispatchException (https://app.trainingpeaks.com/release-20260505-314a9a8/modules-6107ac1a.js:2:102798)
    at unknown (https://app.trainingpeaks.com/release-20260505-314a9a8/modules-6107ac1a.js:2:99890)
    at i (https://app.trainingpeaks.com/release-20260505-314a9a8/modules-6107ac1a.js:2:122321)
    at c (https://app.trainingpeaks.com/release-20260505-314a9a8/modules-6107ac1a.js:2:122561)
    at nrWrapper (https://app.trainingpeaks.com/#calendar/athletes/5734279:17:13947)
[    2169ms] [ERROR] Failed to create PluginFactory {name: Google Analytics 4 Web, creationName: Google Analytics 4 Web, libraryName: google-analytics-4-webDestination, url: https://cdn.segment.com/next-integrations/actions/google-analytics-4-web/aeadee7d142fb4d69ca8.js, settings: Object} @ https://app.trainingpeaks.com/#calendar/athletes/5734279:16
[    2170ms] [WARNING] Failed to load Remote Plugin Error: Failed to load https://cdn.segment.com/next-integrations/actions/google-analytics-4-web/aeadee7d142fb4d69ca8.js @ https://app.trainingpeaks.com/#calendar/athletes/5734279:16
[    2173ms] [WARNING] Facebook Pixel Error: Failed to load https://cdn.segment.com/next-integrations/integrations/facebook-pixel/2.11.5/facebook-pixel.dynamic.js.gz @ https://app.trainingpeaks.com/#calendar/athletes/5734279:16
[    2173ms] [WARNING] Visual Tagger Error: Failed to load https://cdn.segment.com/next-integrations/integrations/visual-tagger/0.3.5/visual-tagger.dynamic.js.gz @ https://app.trainingpeaks.com/#calendar/athletes/5734279:16
[    2173ms] [WARNING] Hotjar Error: Failed to load https://cdn.segment.com/next-integrations/integrations/hotjar/1.4.0/hotjar.dynamic.js.gz @ https://app.trainingpeaks.com/#calendar/athletes/5734279:16
[    4428ms] [ERROR] Failed to load resource: the server responded with a status of 401 (Unauthorized) @ https://www.google.com/recaptcha/api2/pat?k=6LdCI94UAAAAAO5P5IEAytamTFyvC1azABMZWjlA:0
[   60733ms] [ERROR] %c The /connect/ping endpoint is deprecated. Please update to the current Facebook JavaScript SDK. https://developers.facebook.com/docs/reference/javascript/ font-size: 18px; @ https://www.facebook.com/connect/ping?client_id=103295416394750&domain=app.trainingpeaks.com&origin=1&redirect_uri=https%3A%2F%2Fstaticxx.facebook.com%2Fconnect%2Fxd_arbiter%2Fr%2Fbz-D0tzmBsw.js%3Fversion%3D42%23cb%3Df1a2f725fda9334%26domain%3Dapp.trainingpeaks.com%26origin%3Dhttps%253A%252F%252Fapp.trainingpeaks.com%252Ff399f43bbfc0b72%26relation%3Dparent&response_type=token%2Csigned_request%2Ccode&sdk=joey:0
[   60733ms] [ERROR] Refused to display 'https://staticxx.facebook.com/connect/xd_arbiter/r/bz-D0tzmBsw.js?version=42#channel=f399f43bbfc0b72&origin=https%3A%2F%2Fapp.trainingpeaks.com' in a frame because it set 'X-Frame-Options' to 'DENY'. @ :0
[   60734ms] [ERROR] Failed to load resource: the server responded with a status of 404 (Not Found) @ https://staticxx.facebook.com/connect/xd_arbiter/r/bz-D0tzmBsw.js?version=42#channel=f399f43bbfc0b72&origin=https%3A%2F%2Fapp.trainingpeaks.com:0
[   61678ms] [WARNING] [Meta Pixel] - You are attempting to send an unverified event. The event was suppressed. Go to Events Manager to learn more. @ https://app.trainingpeaks.com/#calendar/athletes/5734279:16
[  478644ms] [ERROR] Refused to display 'https://staticxx.facebook.com/connect/xd_arbiter/r/bz-D0tzmBsw.js?version=42#channel=f2eb0582e1edd26&origin=https%3A%2F%2Fapp.trainingpeaks.com' in a frame because it set 'X-Frame-Options' to 'DENY'. @ :0
[  478645ms] [ERROR] Failed to load resource: the server responded with a status of 404 (Not Found) @ https://staticxx.facebook.com/connect/xd_arbiter/r/bz-D0tzmBsw.js?version=42#channel=f2eb0582e1edd26&origin=https%3A%2F%2Fapp.trainingpeaks.com:0
[  478739ms] [ERROR] %c The /connect/ping endpoint is deprecated. Please update to the current Facebook JavaScript SDK. https://developers.facebook.com/docs/reference/javascript/ font-size: 18px; @ https://www.facebook.com/connect/ping?client_id=103295416394750&domain=app.trainingpeaks.com&origin=1&redirect_uri=https%3A%2F%2Fstaticxx.facebook.com%2Fconnect%2Fxd_arbiter%2Fr%2Fbz-D0tzmBsw.js%3Fversion%3D42%23cb%3Df35ff2d63067d2c%26domain%3Dapp.trainingpeaks.com%26origin%3Dhttps%253A%252F%252Fapp.trainingpeaks.com%252Ff2eb0582e1edd26%26relation%3Dparent&response_type=token%2Csigned_request%2Ccode&sdk=joey:0
[  479836ms] [WARNING] [Meta Pixel] - You are attempting to send an unverified event. The event was suppressed. Go to Events Manager to learn more. @ https://app.trainingpeaks.com/#calendar/athletes/5734279:16
